Bindings:
:: âˆ€ v3 v5. .Monad v3 â‡’ v5 â†’  v3 [v5]
  [4mlist x = return [x][0m
:: v5
  list [4mx[0m = return [x]

Proofs:
coercion: (âˆ€ m a. .Monad m â‡’ a â†’  m a) @ v3 [v5]
  list x = [4mreturn[0m [x]
