Bindings:
:: âˆ€ sk_21_a. .Super sk_21_a â‡’ sk_21_a â†’  String
  [4msuper x = super x[0m
:: sk_21_a
  super [4mx[0m = super x
:: âˆ€ v5 v6. (.Super v6, .Super v5) â‡’ v5 â†’  v6 â†’  String
  [4mbyInst a b = super (a,b)[0m
:: v5
  byInst [4ma[0m b = super (a,b)
:: v6
  byInst a [4mb[0m = super (a,b)

Proofs:
coercion: (âˆ€ a. .Super a â‡’ a â†’  String) @ sk_21_a
  super x = [4msuper[0m x
coercion: (âˆ€ a. .Super a â‡’ a â†’  String) @ (v5
                                          ,v6)
  byInst a b = [4msuper[0m (a,b)
